JobStartTime: Tue Apr 20 19:25:38 CEST 2004
Testing -  DB initialization
CondDB(user): databaseInfo = atlobk01:conddblcg_avalassi:conddblcg:conddb
CondDB(user):   serverName = atlobk01
CondDB(user): databaseName = conddblcg_avalassi
CondDB(user):     userName = conddblcg
CondDB(user):     password = conddb
CondDB(user): MySqlConnection::connect():
	atlobk01
	conddblcg
	conddb

CondDB(user): MySqlDBMgr::init() succeded.
CondDB(user): MySqlConnection::changeDB("conddblcg_avalassi") succeded 
CondDB(user): Database  already existing
CondDB(user): createCondDB completed
CondDB(user): MySqlConnection::changeDB("conddblcg_avalassi") succeded 
CondDB(user): CondDBInterface::openDatabase completed
CondFolder verification
CondDB(devl): Issuing query:
"SELECT * FROM folders_tbl WHERE fpath='/muon/dcs/table'"
CondDB(devl):   Query succeded!
CondDB folder does not exist 
Proceeding to creation of CondDBFolder /muon/dcs/table
CondDB(user): Creating Folder : /muon/dcs/table
CondDB(user):     description : 
CondDB(user):      attributes : 
CondDB(devl): Issuing query:
"SELECT * FROM folders_tbl WHERE fpath='/muon/dcs/table'"
CondDB(devl):   Query succeded!
CondDB(user):    parentFolderSet : /muon/dcs
CondDB(user):               name : table
CondDB(devl): Issuing query:
"SELECT * FROM folders_tbl WHERE fpath='/muon/dcs' && is_set=1"
CondDB(devl):   Query succeded!
CondDB(user): Creating parent FolderSet
CondDB(user): Creating FolderSet : /muon/dcs
CondDB(user):        description : 
CondDB(user):         attributes : 
CondDB(devl): Issuing query:
"SELECT * FROM folders_tbl WHERE fpath='/muon/dcs'"
CondDB(devl):   Query succeded!
CondDB(user):    parentFolderSet : /muon
CondDB(user):               name : dcs
CondDB(devl): Issuing query:
"SELECT * FROM folders_tbl WHERE fpath='/muon' && is_set=1"
CondDB(devl):   Query succeded!
CondDB(user): Creating parent FolderSet
CondDB(user): Creating FolderSet : /muon
CondDB(user):        description : 
CondDB(user):         attributes : 
CondDB(devl): Issuing query:
"SELECT * FROM folders_tbl WHERE fpath='/muon'"
CondDB(devl):   Query succeded!
CondDB(user):    parentFolderSet : /
CondDB(user):               name : muon
CondDB(devl): Issuing query:
"SELECT * FROM folders_tbl WHERE fpath='/' && is_set=1"
CondDB(devl):   Query succeded!
CondDB(devl): Issuing query:
"SELECT db_id FROM databases_tbl WHERE dbname='conddblcg_avalassi' AND srvname='atlobk01'"
CondDB(devl):   Query succeded!
CondDB(devl): Issuing query:
"INSERT INTO folders_tbl
 (fparent,fpath,fdesc,fattr,is_set,db_id,ddtype) VALUES(1,'/muon','','',1,1,1)"
CondDB(devl):   Query succeded!
CondDB(devl): Issuing query:
"SELECT LAST_INSERT_ID()"
CondDB(devl):   Query succeded!
CondDB(devl): FolderSet creation completed.
CondDB(devl): Issuing query:
"SELECT * FROM folders_tbl WHERE fpath='/muon' && is_set=1"
CondDB(devl):   Query succeded!
CondDB(devl): Issuing query:
"SELECT db_id FROM databases_tbl WHERE dbname='conddblcg_avalassi' AND srvname='atlobk01'"
CondDB(devl):   Query succeded!
CondDB(devl): Issuing query:
"INSERT INTO folders_tbl
 (fparent,fpath,fdesc,fattr,is_set,db_id,ddtype) VALUES(9,'/muon/dcs','','',1,1,1)"
CondDB(devl):   Query succeded!
CondDB(devl): Issuing query:
"SELECT LAST_INSERT_ID()"
CondDB(devl):   Query succeded!
CondDB(devl): FolderSet creation completed.
CondDB(devl): Issuing query:
"SELECT * FROM folders_tbl WHERE fpath='/muon/dcs' && is_set=1"
CondDB(devl):   Query succeded!
CondDB(devl): test --- attributes: 
CondDB(devl): Issuing query:
"INSERT INTO folders_tbl
 (fparent,fpath,fdesc,fattr,is_set,db_id,ddtype) VALUES(10,'/muon/dcs/table','','',0,1,1)"
CondDB(devl):   Query succeded!
CondDB(devl): Issuing query:
"SELECT LAST_INSERT_ID()"
CondDB(devl):   Query succeded!
CondDB(devl): Issuing query:
"SELECT db_id FROM databases_tbl WHERE dbname='conddblcg_avalassi' AND srvname='atlobk01'"
CondDB(devl):   Query succeded!
CondDB(devl): Issuing query:
"SELECT db_id, dbname, srvname
  FROM databases_tbl
  WHERE (db_id=1)"
CondDB(devl):   Query succeded!
CondDB(user): MySqlConnection::connect():
	atlobk01
	conddblcg
	conddb

CondDB(user): MySqlConnection::changeDB("conddblcg_avalassi") succeded 
CondDB(devl): Issuing query:
"CREATE TABLE partition_tbl_11 (  part_id int(11) NOT NULL auto_increment,  since_t bigint,  till_t bigint,  db_id int(11) NOT NULL default 0,  PRIMARY KEY (part_id),  KEY (since_t),  KEY (till_t)) TYPE=MyISAM"
CondDB(devl):   Query succeded!
CondDB(devl): Issuing query:
"INSERT INTO partition_tbl_11 (since_t, till_t, db_id)
  VALUES(0,9223372036854775807,1)"
CondDB(devl):   Query succeded!
CondDB(devl): Issuing query:
"SELECT LAST_INSERT_ID()"
CondDB(devl):   Query succeded!
CondDB(devl): Issuing query:
"CREATE TABLE data_tbl_onl_11_1 (since_t bigint, till_t bigint,Temperature FLOAT,Voltage INT,Distance DOUBLE,Name TEXT,LongDistance BIGINT,Valid TINYINT,Temperatures$FLOAT BLOB,Voltages$INT BLOB,Distances$DOUBLE BLOB,Names$TEXT BLOB,LongDistances$BIGINT BLOB,Valids$TINYINT BLOB, INDEX isin (since_t), INDEX itil (till_t)) TYPE=MyISAM"
CondDB(devl):   Query succeded!
CondDB(devl): Issuing query:
"INSERT INTO data_tbl_onl_11_1
  (since_t,till_t,Temperature,Voltage,Distance,Name,LongDistance,Valid,Temperatures$FLOAT,Voltages$INT,Distances$DOUBLE,Names$TEXT,LongDistances$BIGINT,Valids$TINYINT)
 VALUES(0,9223372036854775807,NULL,NULL,NULL,NULL,NULL,NULL,NULL,NULL,NULL,NULL,NULL,NULL)"
CondDB(devl):   Query succeded!
CondDB(devl): Folder creation completed.
CondDB(devl): Issuing query:
"SELECT * FROM folders_tbl WHERE fpath='/muon/dcs/tableId'"
CondDB(devl):   Query succeded!
CondDB folder does not exist 
Proceeding to creation of CondDBFolder /muon/dcs/tableId
CondDB(user): Creating Folder : /muon/dcs/tableId
CondDB(user):     description : 
CondDB(user):      attributes : 
CondDB(devl): Issuing query:
"SELECT * FROM folders_tbl WHERE fpath='/muon/dcs/tableId'"
CondDB(devl):   Query succeded!
CondDB(user):    parentFolderSet : /muon/dcs
CondDB(user):               name : tableId
CondDB(devl): Issuing query:
"SELECT * FROM folders_tbl WHERE fpath='/muon/dcs' && is_set=1"
CondDB(devl):   Query succeded!
CondDB(devl): test --- attributes: 
CondDB(devl): Issuing query:
"INSERT INTO folders_tbl
 (fparent,fpath,fdesc,fattr,is_set,db_id,ddtype) VALUES(10,'/muon/dcs/tableId','','',0,1,2)"
CondDB(devl):   Query succeded!
CondDB(devl): Issuing query:
"SELECT LAST_INSERT_ID()"
CondDB(devl):   Query succeded!
CondDB(devl): Issuing query:
"SELECT db_id FROM databases_tbl WHERE dbname='conddblcg_avalassi' AND srvname='atlobk01'"
CondDB(devl):   Query succeded!
CondDB(devl): Issuing query:
"CREATE TABLE partition_tbl_12 (  part_id int(11) NOT NULL auto_increment,  since_t bigint,  till_t bigint,  db_id int(11) NOT NULL default 0,  PRIMARY KEY (part_id),  KEY (since_t),  KEY (till_t)) TYPE=MyISAM"
CondDB(devl):   Query succeded!
CondDB(devl): Issuing query:
"INSERT INTO partition_tbl_12 (since_t, till_t, db_id)
  VALUES(0,9223372036854775807,1)"
CondDB(devl):   Query succeded!
CondDB(devl): Issuing query:
"SELECT LAST_INSERT_ID()"
CondDB(devl):   Query succeded!
CondDB(devl): Issuing query:
"CREATE TABLE data_tbl_onl_12_1 (since_t bigint, till_t bigint,Id TEXT,HighVoltage FLOAT,Current INT, FULLTEXT INDEX ind (Id), INDEX isin (since_t), INDEX itil (till_t)) TYPE=MyISAM"
CondDB(devl):   Query succeded!
CondDB(devl): Issuing query:
"INSERT INTO data_tbl_onl_12_1
  (since_t,till_t,Id,HighVoltage,Current)
 VALUES(0,9223372036854775807,NULL,NULL,NULL)"
CondDB(devl):   Query succeded!
CondDB(devl): Folder creation completed.
Resizing Tables
--------------------------- Table BEGIN  -----------------------------
Table [1]x[12]
{ Row  1 Begin }
Since: 2004-Apr-20 17:0:0.0 (GMT) ----  Till: +Inf
Column name: Temperature
Data in cell [1]x[1]: 1234.57
Column name: Voltage
Data in cell [1]x[2]: 1234567
Column name: Distance
Data in cell [1]x[3]: 1.23457e+07
Column name: Name
Data in cell [1]x[4]: Some String
Column name: LongDistance
Data in cell [1]x[5]: 12345678901234567
Column name: Valid
Data in cell [1]x[6]: 1
Column name: Temperatures
Data in cell [1]x[7]: 1234.57 ; 1234.57 ; 1234.57 ; 1234.57 ; 1234.57 ; 1234.57 ; 1234.57 ; 1234.57 ; 1234.57 ; 1234.57 ; 
Column name: Voltages
Data in cell [1]x[8]: 1234567 ; 1234567 ; 1234567 ; 1234567 ; 1234567 ; 1234567 ; 1234567 ; 1234567 ; 1234567 ; 1234567 ; 
Column name: Distances
Data in cell [1]x[9]: 1.23457e+07 ; 1.23457e+07 ; 1.23457e+07 ; 1.23457e+07 ; 1.23457e+07 ; 1.23457e+07 ; 1.23457e+07 ; 1.23457e+07 ; 1.23457e+07 ; 1.23457e+07 ; 
Column name: Names
Data in cell [1]x[10]: Some String ; Some String ; Some String ; Some String ; Some String ; Some String ; Some String ; Some String ; Some String ; Some String ; 
Column name: LongDistances
Data in cell [1]x[11]: 12345678901234567 ; 12345678901234567 ; 12345678901234567 ; 12345678901234567 ; 12345678901234567 ; 12345678901234567 ; 12345678901234567 ; 12345678901234567 ; 12345678901234567 ; 12345678901234567 ; 
Column name: Valids
Data in cell [1]x[12]: 1 ; 1 ; 1 ; 1 ; 1 ; 1 ; 1 ; 1 ; 1 ; 1 ; 
{ Row  1 End }

--------------------------- Table end  -----------------------------
--------------------------- Table BEGIN  -----------------------------
Table [10]x[3]
{ Row  1 Begin }
Since: 2004-Apr-20 17:0:0.0 (GMT) ----  Till: +Inf
Column name: Id
Data in cell [1]x[1]: Sensor1
Column name: HighVoltage
Data in cell [1]x[2]: 1234.57
Column name: Current
Data in cell [1]x[3]: 1234567
{ Row  1 End }

{ Row  2 Begin }
Since: 2004-Apr-20 17:0:0.0 (GMT) ----  Till: +Inf
Column name: Id
Data in cell [2]x[1]: Sensor1
Column name: HighVoltage
Data in cell [2]x[2]: 1234.57
Column name: Current
Data in cell [2]x[3]: 1234567
{ Row  2 End }

{ Row  3 Begin }
Since: 2004-Apr-20 17:0:0.0 (GMT) ----  Till: +Inf
Column name: Id
Data in cell [3]x[1]: Sensor1
Column name: HighVoltage
Data in cell [3]x[2]: 1234.57
Column name: Current
Data in cell [3]x[3]: 1234567
{ Row  3 End }

{ Row  4 Begin }
Since: 2004-Apr-20 17:0:0.0 (GMT) ----  Till: +Inf
Column name: Id
Data in cell [4]x[1]: Sensor1
Column name: HighVoltage
Data in cell [4]x[2]: 1234.57
Column name: Current
Data in cell [4]x[3]: 1234567
{ Row  4 End }

{ Row  5 Begin }
Since: 2004-Apr-20 17:0:0.0 (GMT) ----  Till: +Inf
Column name: Id
Data in cell [5]x[1]: Sensor1
Column name: HighVoltage
Data in cell [5]x[2]: 1234.57
Column name: Current
Data in cell [5]x[3]: 1234567
{ Row  5 End }

{ Row  6 Begin }
Since: 2004-Apr-20 17:0:0.0 (GMT) ----  Till: +Inf
Column name: Id
Data in cell [6]x[1]: Sensor2
Column name: HighVoltage
Data in cell [6]x[2]: 1234.57
Column name: Current
Data in cell [6]x[3]: 1234567
{ Row  6 End }

{ Row  7 Begin }
Since: 2004-Apr-20 17:0:0.0 (GMT) ----  Till: +Inf
Column name: Id
Data in cell [7]x[1]: Sensor2
Column name: HighVoltage
Data in cell [7]x[2]: 1234.57
Column name: Current
Data in cell [7]x[3]: 1234567
{ Row  7 End }

{ Row  8 Begin }
Since: 2004-Apr-20 17:0:0.0 (GMT) ----  Till: +Inf
Column name: Id
Data in cell [8]x[1]: Sensor2
Column name: HighVoltage
Data in cell [8]x[2]: 1234.57
Column name: Current
Data in cell [8]x[3]: 1234567
{ Row  8 End }

{ Row  9 Begin }
Since: 2004-Apr-20 17:0:0.0 (GMT) ----  Till: +Inf
Column name: Id
Data in cell [9]x[1]: Sensor2
Column name: HighVoltage
Data in cell [9]x[2]: 1234.57
Column name: Current
Data in cell [9]x[3]: 1234567
{ Row  9 End }

{ Row  10 Begin }
Since: 2004-Apr-20 17:0:0.0 (GMT) ----  Till: +Inf
Column name: Id
Data in cell [10]x[1]: Sensor2
Column name: HighVoltage
Data in cell [10]x[2]: 1234.57
Column name: Current
Data in cell [10]x[3]: 1234567
{ Row  10 End }

--------------------------- Table end  -----------------------------
Storing table
CondDB(devl): Issuing query:
"SELECT ddtype FROM folders_tbl WHERE(fpath='/muon/dcs/table')"
CondDB(devl):   Query succeded!
CondDB(devl): Issuing query:
"SELECT fld_id, db_id FROM folders_tbl WHERE(fpath='/muon/dcs/table')"
CondDB(devl):   Query succeded!
CondDB(devl): Issuing query:
"SELECT part_id FROM partition_tbl_11
  WHERE (3291469200000000000 BETWEEN since_t AND till_t)
"
CondDB(devl):   Query succeded!
CondDB(devl): Issuing query:
"SELECT * FROM data_tbl_onl_11_1 WHERE since_t=0"
CondDB(devl):   Query succeded!
CondDB(devl): Issuing query:
"LOCK TABLES data_tbl_onl_11_1 WRITE"
CondDB(devl):   Query succeded!
CondDB(devl): Issuing query:
"UPDATE data_tbl_onl_11_1 SET till_t=3291469200000000000 WHERE till_t>3291469200000000000"
CondDB(devl):   Query succeded!
CondDB(devl): Issuing query:
"INSERT INTO data_tbl_onl_11_1
  (since_t,till_t,Temperature,Voltage,Distance,Name,LongDistance,Valid,Temperatures$FLOAT,Voltages$INT,Distances$DOUBLE,Names$TEXT,LongDistances$BIGINT,Valids$TINYINT)
 VALUES(3291469200000000000,9223372036854775807,'1234.57','1234567','1.23457e+07','Some String','12345678901234567','1','\n\0\0\0=RšD=RšD=RšD=RšD=RšD=RšD=RšD=RšD=RšD=RšD','\n\0\0\0‡Ö\0‡Ö\0‡Ö\0‡Ö\0‡Ö\0‡Ö\0‡Ö\0‡Ö\0‡Ö\0‡Ö\0','\n\0\0\0\0\0\0€,ŒgA\0\0\0€,ŒgA\0\0\0€,ŒgA\0\0\0€,ŒgA\0\0\0€,ŒgA\0\0\0€,ŒgA\0\0\0€,ŒgA\0\0\0€,ŒgA\0\0\0€,ŒgA\0\0\0€,ŒgA','\n\0\0\0\0\0\0Some String\0\0\0Some String\0\0\0Some String\0\0\0Some String\0\0\0Some String\0\0\0Some String\0\0\0Some String\0\0\0Some String\0\0\0Some String\0\0\0Some String','\n\0\0\0‡Kk]TÜ+\0‡Kk]TÜ+\0‡Kk]TÜ+\0‡Kk]TÜ+\0‡Kk]TÜ+\0‡Kk]TÜ+\0‡Kk]TÜ+\0‡Kk]TÜ+\0‡Kk]TÜ+\0‡Kk]TÜ+\0','\n\0\0\0\0\0\0\0\0\0\0\0\0\0')"
CondDB(devl):   Query succeded!
CondDB(devl): Issuing query:
"UNLOCK TABLES"
CondDB(devl):   Query succeded!
CondDB(user): Data stored
Storing tableId
CondDB(devl): Issuing query:
"SELECT ddtype FROM folders_tbl WHERE(fpath='/muon/dcs/tableId')"
CondDB(devl):   Query succeded!
CondDB(devl): Issuing query:
"SELECT fld_id, db_id FROM folders_tbl WHERE(fpath='/muon/dcs/tableId')"
CondDB(devl):   Query succeded!
CondDB(devl): Issuing query:
"SELECT part_id FROM partition_tbl_12
  WHERE (3291469200000000000 BETWEEN since_t AND till_t)
"
CondDB(devl):   Query succeded!
CondDB(devl): Issuing query:
"SELECT * FROM data_tbl_onl_12_1 WHERE since_t=0"
CondDB(devl):   Query succeded!
CondDB(devl): Issuing query:
"LOCK TABLES data_tbl_onl_12_1 WRITE"
CondDB(devl):   Query succeded!
CondDB(devl): Issuing query:
"SELECT Id, since_t FROM data_tbl_onl_12_1 WHERE till_t=9223372036854775807 GROUP BY Id"
CondDB(devl):   Query succeded!
CondDB(devl): Issuing query:
"UPDATE data_tbl_onl_12_1 SET till_t=3291469200000000000 WHERE (till_t>3291469200000000000 AND (Id='Sensor1' OR Id IS NULL))"
CondDB(devl):   Query succeded!
CondDB(devl): Issuing query:
"INSERT INTO data_tbl_onl_12_1
  (since_t,till_t,Id,HighVoltage,Current)
 VALUES(3291469200000000000,9223372036854775807,'Sensor1','1234.57','1234567')"
CondDB(devl):   Query succeded!
CondDB(devl): Issuing query:
"INSERT INTO data_tbl_onl_12_1
  (since_t,till_t,Id,HighVoltage,Current)
 VALUES(3291469200000000000,9223372036854775807,'Sensor1','1234.57','1234567')"
CondDB(devl):   Query succeded!
CondDB(devl): Issuing query:
"INSERT INTO data_tbl_onl_12_1
  (since_t,till_t,Id,HighVoltage,Current)
 VALUES(3291469200000000000,9223372036854775807,'Sensor1','1234.57','1234567')"
CondDB(devl):   Query succeded!
CondDB(devl): Issuing query:
"INSERT INTO data_tbl_onl_12_1
  (since_t,till_t,Id,HighVoltage,Current)
 VALUES(3291469200000000000,9223372036854775807,'Sensor1','1234.57','1234567')"
CondDB(devl):   Query succeded!
CondDB(devl): Issuing query:
"INSERT INTO data_tbl_onl_12_1
  (since_t,till_t,Id,HighVoltage,Current)
 VALUES(3291469200000000000,9223372036854775807,'Sensor1','1234.57','1234567')"
CondDB(devl):   Query succeded!
CondDB(devl): Issuing query:
"UPDATE data_tbl_onl_12_1 SET till_t=3291469200000000000 WHERE (till_t>3291469200000000000 AND (Id='Sensor2' OR Id IS NULL))"
CondDB(devl):   Query succeded!
CondDB(devl): Issuing query:
"INSERT INTO data_tbl_onl_12_1
  (since_t,till_t,Id,HighVoltage,Current)
 VALUES(3291469200000000000,9223372036854775807,'Sensor2','1234.57','1234567')"
CondDB(devl):   Query succeded!
CondDB(devl): Issuing query:
"INSERT INTO data_tbl_onl_12_1
  (since_t,till_t,Id,HighVoltage,Current)
 VALUES(3291469200000000000,9223372036854775807,'Sensor2','1234.57','1234567')"
CondDB(devl):   Query succeded!
CondDB(devl): Issuing query:
"INSERT INTO data_tbl_onl_12_1
  (since_t,till_t,Id,HighVoltage,Current)
 VALUES(3291469200000000000,9223372036854775807,'Sensor2','1234.57','1234567')"
CondDB(devl):   Query succeded!
CondDB(devl): Issuing query:
"INSERT INTO data_tbl_onl_12_1
  (since_t,till_t,Id,HighVoltage,Current)
 VALUES(3291469200000000000,9223372036854775807,'Sensor2','1234.57','1234567')"
CondDB(devl):   Query succeded!
CondDB(devl): Issuing query:
"INSERT INTO data_tbl_onl_12_1
  (since_t,till_t,Id,HighVoltage,Current)
 VALUES(3291469200000000000,9223372036854775807,'Sensor2','1234.57','1234567')"
CondDB(devl):   Query succeded!
CondDB(devl): Issuing query:
"UNLOCK TABLES"
CondDB(devl):   Query succeded!
CondDB(user): Data stored
JobEndTime: Tue Apr 20 19:25:38 CEST 2004
