JobStartTime: Tue Apr 20 19:25:38 CEST 2004
Testing - DB initialization
CondDB(user): databaseInfo = atlobk01:conddblcg_avalassi:conddblcg:conddb
CondDB(user):   serverName = atlobk01
CondDB(user): databaseName = conddblcg_avalassi
CondDB(user):     userName = conddblcg
CondDB(user):     password = conddb
CondDB(user): MySqlConnection::connect():
	atlobk01
	conddblcg
	conddb

CondDB(user): MySqlDBMgr::init() succeded.
CondDB(user): MySqlConnection::changeDB("conddblcg_avalassi") succeded 
CondDB(user): CondDBInterface::openDatabase completed
Example - looking into folder /cal/temp
Example - find of CondObj at point 15
CondDB(devl): Issuing query:
"SELECT ddtype FROM folders_tbl WHERE(fpath='/cal/temp')"
CondDB(devl):   Query succeded!
CondDB(devl): Issuing query:
"SELECT fld_id, db_id FROM folders_tbl WHERE(fpath='/cal/temp')"
CondDB(devl):   Query succeded!
CondDB(devl): Issuing query:
"SELECT db_id, dbname, srvname
  FROM databases_tbl
  WHERE (db_id=1)"
CondDB(devl):   Query succeded!
CondDB(user): MySqlConnection::connect():
	atlobk01
	conddblcg
	conddb

CondDB(user): MySqlConnection::changeDB("conddblcg_avalassi") succeded 
CondDB(devl): Issuing query:
"SELECT * FROM object_key_tbl_3"
CondDB(devl):   Query succeded!
Object found for CondDBKey = 15
CondDB(devl): Issuing query:
"SELECT db_id, dbname, srvname
  FROM databases_tbl
  WHERE (db_id=1)"
CondDB(devl):   Query succeded!
CondDB(user): MySqlConnection::connect():
	atlobk01
	conddblcg
	conddb

CondDB(user): MySqlConnection::changeDB("conddblcg_avalassi") succeded 
CondDB(devl): Issuing query:
"SELECT * FROM data_tbl_3_1 WHERE (dat_id=1)"
CondDB(devl):   Query succeded!
Interval      : since 5 till 12
insertionTime : 2004-Apr-20 19:31:51.0 (GMT)
        layer : 0
         data : sample data value 
 
 object
  description : sample description

CondDB(devl): Issuing query:
"SELECT * FROM data_tbl_3_1 WHERE (dat_id=2)"
CondDB(devl):   Query succeded!
CondDB(devl): Issuing query:
"SELECT * FROM data_tbl_3_1 WHERE (dat_id=2)"
CondDB(devl):   Query succeded!
Interval      : since 5 till 12
insertionTime : 2004-Apr-20 19:31:51.0 (GMT)
        layer : 1
         data : sample data value 
 
 object
  description : sample description

CondDB(devl): Issuing query:
"SELECT * FROM data_tbl_3_1 WHERE (dat_id=3)"
CondDB(devl):   Query succeded!
CondDB(devl): Issuing query:
"SELECT * FROM data_tbl_3_1 WHERE (dat_id=3)"
CondDB(devl):   Query succeded!
Interval      : since 5 till 12
insertionTime : 2004-Apr-20 19:31:51.0 (GMT)
        layer : 2
         data : sample data value 
 
 object
  description : sample description

CondDB(devl): Issuing query:
"SELECT * FROM data_tbl_3_1 WHERE (dat_id=4)"
CondDB(devl):   Query succeded!
CondDB(devl): Issuing query:
"SELECT * FROM data_tbl_3_1 WHERE (dat_id=4)"
CondDB(devl):   Query succeded!
Interval      : since 5 till 12
insertionTime : 2004-Apr-20 19:31:51.0 (GMT)
        layer : 3
         data : sample data value 
 
 object
  description : sample description

CondDB(devl): Issuing query:
"SELECT * FROM data_tbl_3_1 WHERE (dat_id=5)"
CondDB(devl):   Query succeded!
CondDB(devl): Issuing query:
"SELECT * FROM data_tbl_3_1 WHERE (dat_id=5)"
CondDB(devl):   Query succeded!
Interval      : since 5 till 12
insertionTime : 2004-Apr-20 19:31:51.0 (GMT)
        layer : 4
         data : sample data value 
 
 object
  description : sample description

CondDB(devl): Issuing query:
"SELECT * FROM data_tbl_3_1 WHERE (dat_id=6)"
CondDB(devl):   Query succeded!
CondDB(devl): Issuing query:
"SELECT * FROM data_tbl_3_1 WHERE (dat_id=6)"
CondDB(devl):   Query succeded!
Interval      : since 5 till 12
insertionTime : 2004-Apr-20 19:31:51.0 (GMT)
        layer : 5
         data : sample data value 
 
 object
  description : sample description

CondDB(devl): Issuing query:
"SELECT * FROM data_tbl_3_1 WHERE (dat_id=7)"
CondDB(devl):   Query succeded!
CondDB(devl): Issuing query:
"SELECT * FROM data_tbl_3_1 WHERE (dat_id=7)"
CondDB(devl):   Query succeded!
Interval      : since 5 till 12
insertionTime : 2004-Apr-20 19:31:51.0 (GMT)
        layer : 6
         data : sample data value 
 
 object
  description : sample description

CondDB(devl): Issuing query:
"SELECT * FROM data_tbl_3_1 WHERE (dat_id=8)"
CondDB(devl):   Query succeded!
CondDB(devl): Issuing query:
"SELECT * FROM data_tbl_3_1 WHERE (dat_id=8)"
CondDB(devl):   Query succeded!
Interval      : since 5 till 12
insertionTime : 2004-Apr-20 19:31:51.0 (GMT)
        layer : 7
         data : sample data value 
 
 object
  description : sample description

CondDB(devl): Issuing query:
"SELECT * FROM data_tbl_3_1 WHERE (dat_id=9)"
CondDB(devl):   Query succeded!
CondDB(devl): Issuing query:
"SELECT * FROM data_tbl_3_1 WHERE (dat_id=9)"
CondDB(devl):   Query succeded!
Interval      : since 5 till 12
insertionTime : 2004-Apr-20 19:31:51.0 (GMT)
        layer : 8
         data : sample data value 
 
 object
  description : sample description

CondDB(devl): Issuing query:
"SELECT * FROM data_tbl_3_1 WHERE (dat_id=10)"
CondDB(devl):   Query succeded!
CondDB(devl): Issuing query:
"SELECT * FROM data_tbl_3_1 WHERE (dat_id=10)"
CondDB(devl):   Query succeded!
Interval      : since 5 till 12
insertionTime : 2004-Apr-20 19:31:51.0 (GMT)
        layer : 9
         data : sample data value 
 
 object
  description : sample description

CondDB(devl): Issuing query:
"SELECT * FROM data_tbl_3_1 WHERE (dat_id=11)"
CondDB(devl):   Query succeded!
CondDB(devl): Issuing query:
"SELECT * FROM data_tbl_3_1 WHERE (dat_id=11)"
CondDB(devl):   Query succeded!
Interval      : since 1 till 11
insertionTime : 2004-Apr-20 19:31:51.0 (GMT)
        layer : 10
         data : sample data value 
 
 object
  description : sample description

CondDB(devl): Issuing query:
"SELECT * FROM data_tbl_3_1 WHERE (dat_id=12)"
CondDB(devl):   Query succeded!
CondDB(devl): Issuing query:
"SELECT * FROM data_tbl_3_1 WHERE (dat_id=12)"
CondDB(devl):   Query succeded!
Interval      : since 2 till 12
insertionTime : 2004-Apr-20 19:31:52.0 (GMT)
        layer : 11
         data : sample data value 
 
 object
  description : sample description

CondDB(devl): Issuing query:
"SELECT * FROM data_tbl_3_1 WHERE (dat_id=13)"
CondDB(devl):   Query succeded!
CondDB(devl): Issuing query:
"SELECT * FROM data_tbl_3_1 WHERE (dat_id=13)"
CondDB(devl):   Query succeded!
Interval      : since 3 till 13
insertionTime : 2004-Apr-20 19:31:52.0 (GMT)
        layer : 12
         data : sample data value 
 
 object
  description : sample description

CondDB(devl): Issuing query:
"SELECT * FROM data_tbl_3_1 WHERE (dat_id=14)"
CondDB(devl):   Query succeded!
CondDB(devl): Issuing query:
"SELECT * FROM data_tbl_3_1 WHERE (dat_id=14)"
CondDB(devl):   Query succeded!
Interval      : since 4 till 14
insertionTime : 2004-Apr-20 19:31:52.0 (GMT)
        layer : 13
         data : sample data value 
 
 object
  description : sample description

CondDB(devl): Issuing query:
"SELECT * FROM data_tbl_3_1 WHERE (dat_id=15)"
CondDB(devl):   Query succeded!
CondDB(devl): Issuing query:
"SELECT * FROM data_tbl_3_1 WHERE (dat_id=15)"
CondDB(devl):   Query succeded!
Interval      : since 5 till 15
insertionTime : 2004-Apr-20 19:31:52.0 (GMT)
        layer : 14
         data : sample data value 
 
 object
  description : sample description

CondDB(devl): Issuing query:
"SELECT * FROM data_tbl_3_1 WHERE (dat_id=16)"
CondDB(devl):   Query succeded!
CondDB(devl): Issuing query:
"SELECT * FROM data_tbl_3_1 WHERE (dat_id=16)"
CondDB(devl):   Query succeded!
Interval      : since 6 till 16
insertionTime : 2004-Apr-20 19:31:52.0 (GMT)
        layer : 15
         data : sample data value 
 
 object
  description : sample description

CondDB(devl): Issuing query:
"SELECT * FROM data_tbl_3_1 WHERE (dat_id=17)"
CondDB(devl):   Query succeded!
CondDB(devl): Issuing query:
"SELECT * FROM data_tbl_3_1 WHERE (dat_id=17)"
CondDB(devl):   Query succeded!
Interval      : since 7 till 17
insertionTime : 2004-Apr-20 19:31:52.0 (GMT)
        layer : 16
         data : sample data value 
 
 object
  description : sample description

CondDB(devl): Issuing query:
"SELECT * FROM data_tbl_3_1 WHERE (dat_id=18)"
CondDB(devl):   Query succeded!
CondDB(devl): Issuing query:
"SELECT * FROM data_tbl_3_1 WHERE (dat_id=18)"
CondDB(devl):   Query succeded!
Interval      : since 8 till 18
insertionTime : 2004-Apr-20 19:31:52.0 (GMT)
        layer : 17
         data : sample data value 
 
 object
  description : sample description

CondDB(devl): Issuing query:
"SELECT * FROM data_tbl_3_1 WHERE (dat_id=19)"
CondDB(devl):   Query succeded!
CondDB(devl): Issuing query:
"SELECT * FROM data_tbl_3_1 WHERE (dat_id=19)"
CondDB(devl):   Query succeded!
Interval      : since 9 till 19
insertionTime : 2004-Apr-20 19:31:52.0 (GMT)
        layer : 18
         data : sample data value 
 
 object
  description : sample description

CondDB(devl): Issuing query:
"SELECT * FROM data_tbl_3_1 WHERE (dat_id=20)"
CondDB(devl):   Query succeded!
CondDB(devl): Issuing query:
"SELECT * FROM data_tbl_3_1 WHERE (dat_id=20)"
CondDB(devl):   Query succeded!
Interval      : since 10 till 20
insertionTime : 2004-Apr-20 19:31:52.0 (GMT)
        layer : 19
         data : sample data value 
 
 object
  description : sample description

JobEndTime: Tue Apr 20 19:25:38 CEST 2004
