JobStartTime: Tue Apr 20 19:25:37 CEST 2004
Testing -  DB initialization
CondDB(user): databaseInfo = atlobk01:conddblcg_avalassi:conddblcg:conddb
CondDB(user):   serverName = atlobk01
CondDB(user): databaseName = conddblcg_avalassi
CondDB(user):     userName = conddblcg
CondDB(user):     password = conddb
CondDB(user): MySqlConnection::connect():
	atlobk01
	conddblcg
	conddb

CondDB(user): MySqlDBMgr::init() succeded.
CondDB(user): MySqlConnection::changeDB("conddblcg_avalassi") succeded 
CondDB(user): CondDBInterface::openDatabase completed
Example -  CondFolder verification
Verification of existence of folder :/cal/temp
CondDB(devl): Issuing query:
"SELECT * FROM folders_tbl WHERE fpath='/cal/temp'"
CondDB(devl):   Query succeded!
CondDBFolder already exists...proceding!
Example -  storage of CondObject in folder /cal/temp
How many objects do you want to create?
CondDB(devl): Issuing query:
"SELECT ddtype FROM folders_tbl WHERE(fpath='/cal/temp')"
CondDB(devl):   Query succeded!
CondDB(devl): Issuing query:
"SELECT fld_id, db_id FROM folders_tbl WHERE(fpath='/cal/temp')"
CondDB(devl):   Query succeded!
CondDB(devl): Issuing query:
"SELECT db_id, dbname, srvname
  FROM databases_tbl
  WHERE (db_id=1)"
CondDB(devl):   Query succeded!
CondDB(user): MySqlConnection::connect():
	atlobk01
	conddblcg
	conddb

CondDB(user): MySqlConnection::changeDB("conddblcg_avalassi") succeded 
CondDB(devl): Issuing query:
"SELECT part_id FROM partition_tbl_3
  WHERE (1 BETWEEN since_t AND till_t)
"
CondDB(devl):   Query succeded!
CondDB(devl): Issuing query:
"SELECT db_id, dbname, srvname
  FROM databases_tbl
  WHERE (db_id=1)"
CondDB(devl):   Query succeded!
CondDB(user): MySqlConnection::connect():
	atlobk01
	conddblcg
	conddb

CondDB(user): MySqlConnection::changeDB("conddblcg_avalassi") succeded 
CondDB(devl): Issuing query:
"INSERT INTO data_tbl_3_1 (description, oblock) VALUES('sample description', 'sample data value \n \n object')"
CondDB(devl):   Query succeded!
CondDB(devl): Issuing query:
"SELECT LAST_INSERT_ID()"
CondDB(devl):   Query succeded!
CondDB(devl): Issuing query:
"LOCK TABLES object_key_tbl_3 AS o WRITE, object_key_tbl_3 WRITE,object_key_tbl_head_3 AS h WRITE, object_key_tbl_head_3 WRITE, tag2obj_tbl_3 WRITE"
CondDB(devl):   Query succeded!
CondDB(devl): Issuing query:
"SELECT h.*, o.layer FROM object_key_tbl_head_3 AS h, object_key_tbl_3 AS o WHERE (h.since_t<11 AND h.till_t>1 AND h.obj_id=o.obj_id)"
CondDB(devl):   Query succeded!
CondDB(devl): Issuing query:
"UPDATE object_key_tbl_head_3 SET since_t=11 WHERE obj_id=10"
CondDB(devl):   Query succeded!
CondDB(devl): Issuing query:
"INSERT INTO object_key_tbl_3
  (insert_t,since_t,till_t,layer,db_id,dat_id)
  VALUES(NOW(),1,11,10,1,11)"
CondDB(devl):   Query succeded!
CondDB(devl): Issuing query:
"INSERT INTO object_key_tbl_head_3 (obj_id, since_t, till_t)
 VALUES(LAST_INSERT_ID(),1,11)"
CondDB(devl):   Query succeded!
CondDB(devl): Issuing query:
"UNLOCK TABLES"
CondDB(devl):   Query succeded!
CondDB(user): Object stored
CondDB(devl): Issuing query:
"SELECT ddtype FROM folders_tbl WHERE(fpath='/cal/temp')"
CondDB(devl):   Query succeded!
CondDB(devl): Issuing query:
"SELECT fld_id, db_id FROM folders_tbl WHERE(fpath='/cal/temp')"
CondDB(devl):   Query succeded!
CondDB(devl): Issuing query:
"SELECT part_id FROM partition_tbl_3
  WHERE (2 BETWEEN since_t AND till_t)
"
CondDB(devl):   Query succeded!
CondDB(devl): Issuing query:
"INSERT INTO data_tbl_3_1 (description, oblock) VALUES('sample description', 'sample data value \n \n object')"
CondDB(devl):   Query succeded!
CondDB(devl): Issuing query:
"SELECT LAST_INSERT_ID()"
CondDB(devl):   Query succeded!
CondDB(devl): Issuing query:
"LOCK TABLES object_key_tbl_3 AS o WRITE, object_key_tbl_3 WRITE,object_key_tbl_head_3 AS h WRITE, object_key_tbl_head_3 WRITE, tag2obj_tbl_3 WRITE"
CondDB(devl):   Query succeded!
CondDB(devl): Issuing query:
"SELECT h.*, o.layer FROM object_key_tbl_head_3 AS h, object_key_tbl_3 AS o WHERE (h.since_t<12 AND h.till_t>2 AND h.obj_id=o.obj_id)"
CondDB(devl):   Query succeded!
CondDB(devl): Issuing query:
"UPDATE object_key_tbl_head_3 SET till_t=2 WHERE obj_id=11"
CondDB(devl):   Query succeded!
CondDB(devl): Issuing query:
"DELETE FROM object_key_tbl_head_3 WHERE obj_id=10"
CondDB(devl):   Query succeded!
CondDB(devl): Issuing query:
"INSERT INTO object_key_tbl_3
  (insert_t,since_t,till_t,layer,db_id,dat_id)
  VALUES(NOW(),2,12,11,1,12)"
CondDB(devl):   Query succeded!
CondDB(devl): Issuing query:
"INSERT INTO object_key_tbl_head_3 (obj_id, since_t, till_t)
 VALUES(LAST_INSERT_ID(),2,12)"
CondDB(devl):   Query succeded!
CondDB(devl): Issuing query:
"UNLOCK TABLES"
CondDB(devl):   Query succeded!
CondDB(user): Object stored
CondDB(devl): Issuing query:
"SELECT ddtype FROM folders_tbl WHERE(fpath='/cal/temp')"
CondDB(devl):   Query succeded!
CondDB(devl): Issuing query:
"SELECT fld_id, db_id FROM folders_tbl WHERE(fpath='/cal/temp')"
CondDB(devl):   Query succeded!
CondDB(devl): Issuing query:
"SELECT part_id FROM partition_tbl_3
  WHERE (3 BETWEEN since_t AND till_t)
"
CondDB(devl):   Query succeded!
CondDB(devl): Issuing query:
"INSERT INTO data_tbl_3_1 (description, oblock) VALUES('sample description', 'sample data value \n \n object')"
CondDB(devl):   Query succeded!
CondDB(devl): Issuing query:
"SELECT LAST_INSERT_ID()"
CondDB(devl):   Query succeded!
CondDB(devl): Issuing query:
"LOCK TABLES object_key_tbl_3 AS o WRITE, object_key_tbl_3 WRITE,object_key_tbl_head_3 AS h WRITE, object_key_tbl_head_3 WRITE, tag2obj_tbl_3 WRITE"
CondDB(devl):   Query succeded!
CondDB(devl): Issuing query:
"SELECT h.*, o.layer FROM object_key_tbl_head_3 AS h, object_key_tbl_3 AS o WHERE (h.since_t<13 AND h.till_t>3 AND h.obj_id=o.obj_id)"
CondDB(devl):   Query succeded!
CondDB(devl): Issuing query:
"UPDATE object_key_tbl_head_3 SET till_t=3 WHERE obj_id=12"
CondDB(devl):   Query succeded!
CondDB(devl): Issuing query:
"INSERT INTO object_key_tbl_3
  (insert_t,since_t,till_t,layer,db_id,dat_id)
  VALUES(NOW(),3,13,12,1,13)"
CondDB(devl):   Query succeded!
CondDB(devl): Issuing query:
"INSERT INTO object_key_tbl_head_3 (obj_id, since_t, till_t)
 VALUES(LAST_INSERT_ID(),3,13)"
CondDB(devl):   Query succeded!
CondDB(devl): Issuing query:
"UNLOCK TABLES"
CondDB(devl):   Query succeded!
CondDB(user): Object stored
CondDB(devl): Issuing query:
"SELECT ddtype FROM folders_tbl WHERE(fpath='/cal/temp')"
CondDB(devl):   Query succeded!
CondDB(devl): Issuing query:
"SELECT fld_id, db_id FROM folders_tbl WHERE(fpath='/cal/temp')"
CondDB(devl):   Query succeded!
CondDB(devl): Issuing query:
"SELECT part_id FROM partition_tbl_3
  WHERE (4 BETWEEN since_t AND till_t)
"
CondDB(devl):   Query succeded!
CondDB(devl): Issuing query:
"INSERT INTO data_tbl_3_1 (description, oblock) VALUES('sample description', 'sample data value \n \n object')"
CondDB(devl):   Query succeded!
CondDB(devl): Issuing query:
"SELECT LAST_INSERT_ID()"
CondDB(devl):   Query succeded!
CondDB(devl): Issuing query:
"LOCK TABLES object_key_tbl_3 AS o WRITE, object_key_tbl_3 WRITE,object_key_tbl_head_3 AS h WRITE, object_key_tbl_head_3 WRITE, tag2obj_tbl_3 WRITE"
CondDB(devl):   Query succeded!
CondDB(devl): Issuing query:
"SELECT h.*, o.layer FROM object_key_tbl_head_3 AS h, object_key_tbl_3 AS o WHERE (h.since_t<14 AND h.till_t>4 AND h.obj_id=o.obj_id)"
CondDB(devl):   Query succeded!
CondDB(devl): Issuing query:
"UPDATE object_key_tbl_head_3 SET till_t=4 WHERE obj_id=13"
CondDB(devl):   Query succeded!
CondDB(devl): Issuing query:
"INSERT INTO object_key_tbl_3
  (insert_t,since_t,till_t,layer,db_id,dat_id)
  VALUES(NOW(),4,14,13,1,14)"
CondDB(devl):   Query succeded!
CondDB(devl): Issuing query:
"INSERT INTO object_key_tbl_head_3 (obj_id, since_t, till_t)
 VALUES(LAST_INSERT_ID(),4,14)"
CondDB(devl):   Query succeded!
CondDB(devl): Issuing query:
"UNLOCK TABLES"
CondDB(devl):   Query succeded!
CondDB(user): Object stored
CondDB(devl): Issuing query:
"SELECT ddtype FROM folders_tbl WHERE(fpath='/cal/temp')"
CondDB(devl):   Query succeded!
CondDB(devl): Issuing query:
"SELECT fld_id, db_id FROM folders_tbl WHERE(fpath='/cal/temp')"
CondDB(devl):   Query succeded!
CondDB(devl): Issuing query:
"SELECT part_id FROM partition_tbl_3
  WHERE (5 BETWEEN since_t AND till_t)
"
CondDB(devl):   Query succeded!
CondDB(devl): Issuing query:
"INSERT INTO data_tbl_3_1 (description, oblock) VALUES('sample description', 'sample data value \n \n object')"
CondDB(devl):   Query succeded!
CondDB(devl): Issuing query:
"SELECT LAST_INSERT_ID()"
CondDB(devl):   Query succeded!
CondDB(devl): Issuing query:
"LOCK TABLES object_key_tbl_3 AS o WRITE, object_key_tbl_3 WRITE,object_key_tbl_head_3 AS h WRITE, object_key_tbl_head_3 WRITE, tag2obj_tbl_3 WRITE"
CondDB(devl):   Query succeded!
CondDB(devl): Issuing query:
"SELECT h.*, o.layer FROM object_key_tbl_head_3 AS h, object_key_tbl_3 AS o WHERE (h.since_t<15 AND h.till_t>5 AND h.obj_id=o.obj_id)"
CondDB(devl):   Query succeded!
CondDB(devl): Issuing query:
"UPDATE object_key_tbl_head_3 SET till_t=5 WHERE obj_id=14"
CondDB(devl):   Query succeded!
CondDB(devl): Issuing query:
"INSERT INTO object_key_tbl_3
  (insert_t,since_t,till_t,layer,db_id,dat_id)
  VALUES(NOW(),5,15,14,1,15)"
CondDB(devl):   Query succeded!
CondDB(devl): Issuing query:
"INSERT INTO object_key_tbl_head_3 (obj_id, since_t, till_t)
 VALUES(LAST_INSERT_ID(),5,15)"
CondDB(devl):   Query succeded!
CondDB(devl): Issuing query:
"UNLOCK TABLES"
CondDB(devl):   Query succeded!
CondDB(user): Object stored
CondDB(devl): Issuing query:
"SELECT ddtype FROM folders_tbl WHERE(fpath='/cal/temp')"
CondDB(devl):   Query succeded!
CondDB(devl): Issuing query:
"SELECT fld_id, db_id FROM folders_tbl WHERE(fpath='/cal/temp')"
CondDB(devl):   Query succeded!
CondDB(devl): Issuing query:
"SELECT part_id FROM partition_tbl_3
  WHERE (6 BETWEEN since_t AND till_t)
"
CondDB(devl):   Query succeded!
CondDB(devl): Issuing query:
"INSERT INTO data_tbl_3_1 (description, oblock) VALUES('sample description', 'sample data value \n \n object')"
CondDB(devl):   Query succeded!
CondDB(devl): Issuing query:
"SELECT LAST_INSERT_ID()"
CondDB(devl):   Query succeded!
CondDB(devl): Issuing query:
"LOCK TABLES object_key_tbl_3 AS o WRITE, object_key_tbl_3 WRITE,object_key_tbl_head_3 AS h WRITE, object_key_tbl_head_3 WRITE, tag2obj_tbl_3 WRITE"
CondDB(devl):   Query succeded!
CondDB(devl): Issuing query:
"SELECT h.*, o.layer FROM object_key_tbl_head_3 AS h, object_key_tbl_3 AS o WHERE (h.since_t<16 AND h.till_t>6 AND h.obj_id=o.obj_id)"
CondDB(devl):   Query succeded!
CondDB(devl): Issuing query:
"UPDATE object_key_tbl_head_3 SET till_t=6 WHERE obj_id=15"
CondDB(devl):   Query succeded!
CondDB(devl): Issuing query:
"INSERT INTO object_key_tbl_3
  (insert_t,since_t,till_t,layer,db_id,dat_id)
  VALUES(NOW(),6,16,15,1,16)"
CondDB(devl):   Query succeded!
CondDB(devl): Issuing query:
"INSERT INTO object_key_tbl_head_3 (obj_id, since_t, till_t)
 VALUES(LAST_INSERT_ID(),6,16)"
CondDB(devl):   Query succeded!
CondDB(devl): Issuing query:
"UNLOCK TABLES"
CondDB(devl):   Query succeded!
CondDB(user): Object stored
CondDB(devl): Issuing query:
"SELECT ddtype FROM folders_tbl WHERE(fpath='/cal/temp')"
CondDB(devl):   Query succeded!
CondDB(devl): Issuing query:
"SELECT fld_id, db_id FROM folders_tbl WHERE(fpath='/cal/temp')"
CondDB(devl):   Query succeded!
CondDB(devl): Issuing query:
"SELECT part_id FROM partition_tbl_3
  WHERE (7 BETWEEN since_t AND till_t)
"
CondDB(devl):   Query succeded!
CondDB(devl): Issuing query:
"INSERT INTO data_tbl_3_1 (description, oblock) VALUES('sample description', 'sample data value \n \n object')"
CondDB(devl):   Query succeded!
CondDB(devl): Issuing query:
"SELECT LAST_INSERT_ID()"
CondDB(devl):   Query succeded!
CondDB(devl): Issuing query:
"LOCK TABLES object_key_tbl_3 AS o WRITE, object_key_tbl_3 WRITE,object_key_tbl_head_3 AS h WRITE, object_key_tbl_head_3 WRITE, tag2obj_tbl_3 WRITE"
CondDB(devl):   Query succeded!
CondDB(devl): Issuing query:
"SELECT h.*, o.layer FROM object_key_tbl_head_3 AS h, object_key_tbl_3 AS o WHERE (h.since_t<17 AND h.till_t>7 AND h.obj_id=o.obj_id)"
CondDB(devl):   Query succeded!
CondDB(devl): Issuing query:
"UPDATE object_key_tbl_head_3 SET till_t=7 WHERE obj_id=16"
CondDB(devl):   Query succeded!
CondDB(devl): Issuing query:
"INSERT INTO object_key_tbl_3
  (insert_t,since_t,till_t,layer,db_id,dat_id)
  VALUES(NOW(),7,17,16,1,17)"
CondDB(devl):   Query succeded!
CondDB(devl): Issuing query:
"INSERT INTO object_key_tbl_head_3 (obj_id, since_t, till_t)
 VALUES(LAST_INSERT_ID(),7,17)"
CondDB(devl):   Query succeded!
CondDB(devl): Issuing query:
"UNLOCK TABLES"
CondDB(devl):   Query succeded!
CondDB(user): Object stored
CondDB(devl): Issuing query:
"SELECT ddtype FROM folders_tbl WHERE(fpath='/cal/temp')"
CondDB(devl):   Query succeded!
CondDB(devl): Issuing query:
"SELECT fld_id, db_id FROM folders_tbl WHERE(fpath='/cal/temp')"
CondDB(devl):   Query succeded!
CondDB(devl): Issuing query:
"SELECT part_id FROM partition_tbl_3
  WHERE (8 BETWEEN since_t AND till_t)
"
CondDB(devl):   Query succeded!
CondDB(devl): Issuing query:
"INSERT INTO data_tbl_3_1 (description, oblock) VALUES('sample description', 'sample data value \n \n object')"
CondDB(devl):   Query succeded!
CondDB(devl): Issuing query:
"SELECT LAST_INSERT_ID()"
CondDB(devl):   Query succeded!
CondDB(devl): Issuing query:
"LOCK TABLES object_key_tbl_3 AS o WRITE, object_key_tbl_3 WRITE,object_key_tbl_head_3 AS h WRITE, object_key_tbl_head_3 WRITE, tag2obj_tbl_3 WRITE"
CondDB(devl):   Query succeded!
CondDB(devl): Issuing query:
"SELECT h.*, o.layer FROM object_key_tbl_head_3 AS h, object_key_tbl_3 AS o WHERE (h.since_t<18 AND h.till_t>8 AND h.obj_id=o.obj_id)"
CondDB(devl):   Query succeded!
CondDB(devl): Issuing query:
"UPDATE object_key_tbl_head_3 SET till_t=8 WHERE obj_id=17"
CondDB(devl):   Query succeded!
CondDB(devl): Issuing query:
"INSERT INTO object_key_tbl_3
  (insert_t,since_t,till_t,layer,db_id,dat_id)
  VALUES(NOW(),8,18,17,1,18)"
CondDB(devl):   Query succeded!
CondDB(devl): Issuing query:
"INSERT INTO object_key_tbl_head_3 (obj_id, since_t, till_t)
 VALUES(LAST_INSERT_ID(),8,18)"
CondDB(devl):   Query succeded!
CondDB(devl): Issuing query:
"UNLOCK TABLES"
CondDB(devl):   Query succeded!
CondDB(user): Object stored
CondDB(devl): Issuing query:
"SELECT ddtype FROM folders_tbl WHERE(fpath='/cal/temp')"
CondDB(devl):   Query succeded!
CondDB(devl): Issuing query:
"SELECT fld_id, db_id FROM folders_tbl WHERE(fpath='/cal/temp')"
CondDB(devl):   Query succeded!
CondDB(devl): Issuing query:
"SELECT part_id FROM partition_tbl_3
  WHERE (9 BETWEEN since_t AND till_t)
"
CondDB(devl):   Query succeded!
CondDB(devl): Issuing query:
"INSERT INTO data_tbl_3_1 (description, oblock) VALUES('sample description', 'sample data value \n \n object')"
CondDB(devl):   Query succeded!
CondDB(devl): Issuing query:
"SELECT LAST_INSERT_ID()"
CondDB(devl):   Query succeded!
CondDB(devl): Issuing query:
"LOCK TABLES object_key_tbl_3 AS o WRITE, object_key_tbl_3 WRITE,object_key_tbl_head_3 AS h WRITE, object_key_tbl_head_3 WRITE, tag2obj_tbl_3 WRITE"
CondDB(devl):   Query succeded!
CondDB(devl): Issuing query:
"SELECT h.*, o.layer FROM object_key_tbl_head_3 AS h, object_key_tbl_3 AS o WHERE (h.since_t<19 AND h.till_t>9 AND h.obj_id=o.obj_id)"
CondDB(devl):   Query succeded!
CondDB(devl): Issuing query:
"UPDATE object_key_tbl_head_3 SET till_t=9 WHERE obj_id=18"
CondDB(devl):   Query succeded!
CondDB(devl): Issuing query:
"INSERT INTO object_key_tbl_3
  (insert_t,since_t,till_t,layer,db_id,dat_id)
  VALUES(NOW(),9,19,18,1,19)"
CondDB(devl):   Query succeded!
CondDB(devl): Issuing query:
"INSERT INTO object_key_tbl_head_3 (obj_id, since_t, till_t)
 VALUES(LAST_INSERT_ID(),9,19)"
CondDB(devl):   Query succeded!
CondDB(devl): Issuing query:
"UNLOCK TABLES"
CondDB(devl):   Query succeded!
CondDB(user): Object stored
CondDB(devl): Issuing query:
"SELECT ddtype FROM folders_tbl WHERE(fpath='/cal/temp')"
CondDB(devl):   Query succeded!
CondDB(devl): Issuing query:
"SELECT fld_id, db_id FROM folders_tbl WHERE(fpath='/cal/temp')"
CondDB(devl):   Query succeded!
CondDB(devl): Issuing query:
"SELECT part_id FROM partition_tbl_3
  WHERE (10 BETWEEN since_t AND till_t)
"
CondDB(devl):   Query succeded!
CondDB(devl): Issuing query:
"INSERT INTO data_tbl_3_1 (description, oblock) VALUES('sample description', 'sample data value \n \n object')"
CondDB(devl):   Query succeded!
CondDB(devl): Issuing query:
"SELECT LAST_INSERT_ID()"
CondDB(devl):   Query succeded!
CondDB(devl): Issuing query:
"LOCK TABLES object_key_tbl_3 AS o WRITE, object_key_tbl_3 WRITE,object_key_tbl_head_3 AS h WRITE, object_key_tbl_head_3 WRITE, tag2obj_tbl_3 WRITE"
CondDB(devl):   Query succeded!
CondDB(devl): Issuing query:
"SELECT h.*, o.layer FROM object_key_tbl_head_3 AS h, object_key_tbl_3 AS o WHERE (h.since_t<20 AND h.till_t>10 AND h.obj_id=o.obj_id)"
CondDB(devl):   Query succeded!
CondDB(devl): Issuing query:
"UPDATE object_key_tbl_head_3 SET till_t=10 WHERE obj_id=19"
CondDB(devl):   Query succeded!
CondDB(devl): Issuing query:
"INSERT INTO object_key_tbl_3
  (insert_t,since_t,till_t,layer,db_id,dat_id)
  VALUES(NOW(),10,20,19,1,20)"
CondDB(devl):   Query succeded!
CondDB(devl): Issuing query:
"INSERT INTO object_key_tbl_head_3 (obj_id, since_t, till_t)
 VALUES(LAST_INSERT_ID(),10,20)"
CondDB(devl):   Query succeded!
CondDB(devl): Issuing query:
"UNLOCK TABLES"
CondDB(devl):   Query succeded!
CondDB(user): Object stored
Testing - Sucessfully created - Object 
JobEndTime: Tue Apr 20 19:25:37 CEST 2004
