JobStartTime: Wed May 12 12:39:29 CEST 2004
CondDB(user): databaseInfo = atlobk01:conddblcg_avalassi:conddblcg:conddb
CondDB(user):   serverName = atlobk01
CondDB(user): databaseName = conddblcg_avalassi
CondDB(user):     userName = conddblcg
CondDB(user):     password = conddb
CondDB(user): MySqlConnection::connect():
	atlobk01
	conddblcg
	conddb

CondDB(user): MySqlDBMgr::init() succeded.
CondDB(user): MySqlConnection::changeDB("conddblcg_avalassi") succeded 
CondDB(user): CondDBInterface::openDatabase completed
time: 3276603122000000000

CondDB(devl): Issuing query:
"SELECT ddtype FROM folders_tbl WHERE(fpath='/muon/dcs/table')"
CondDB(devl):   Query succeded!
CondDB(devl): Issuing query:
"SELECT fld_id, db_id FROM folders_tbl WHERE(fpath='/muon/dcs/table')"
CondDB(devl):   Query succeded!
CondDB(devl): Issuing query:
"SELECT db_id, dbname, srvname
  FROM databases_tbl
  WHERE (db_id=1)"
CondDB(devl):   Query succeded!
CondDB(user): MySqlConnection::connect():
	atlobk01
	conddblcg
	conddb

CondDB(user): MySqlConnection::changeDB("conddblcg_avalassi") succeded 
CondDB(devl): Issuing query:
"SELECT part_id FROM partition_tbl_11
  WHERE (3276603122000000000 BETWEEN since_t AND till_t)
"
CondDB(devl):   Query succeded!
CondDB(devl): Issuing query:
"SELECT * FROM data_tbl_onl_11_1 WHERE (3276603122000000000 >= since_t AND 3276603122000000000 < till_t)"
CondDB(devl):   Query succeded!
CondDB(devl): Issuing query:
"SHOW COLUMNS FROM data_tbl_onl_11_1"
CondDB(devl):   Query succeded!
Printing CondDBTable resulting from findCondDBObject(table, folder, time)
-------------------  Table BEGIN  -------------
Table [1]x[12]
{ Row  1 Begin }
Since: -Inf ----  Till: 2004-Apr-20 17:0:0.0 (GMT)
Column name: Temperature
Data in cell [1]x[1]: -3.40282e+38
Column name: Voltage
Data in cell [1]x[2]: -2147483647
Column name: Distance
Data in cell [1]x[3]: -1.79769e+308
Column name: Name
Data in cell [1]x[4]: NULL
Column name: LongDistance
Data in cell [1]x[5]: -9223372036854775807
Column name: Valid
Data in cell [1]x[6]: -1
Column name: Temperatures
Data in cell [1]x[7]: -3.40282e+38
Column name: Voltages
Data in cell [1]x[8]: -2147483647
Column name: Distances
Data in cell [1]x[9]: -1.79769e+308
Column name: Names
Data in cell [1]x[10]: NULL
Column name: LongDistances
Data in cell [1]x[11]: -9223372036854775807
Column name: Valids
Data in cell [1]x[12]: -1
{ Row  1 End }

------------------ Table END  --------------------
CondDB(devl): Issuing query:
"SELECT ddtype FROM folders_tbl WHERE(fpath='/muon/dcs/table')"
CondDB(devl):   Query succeded!
CondDB(devl): Issuing query:
"SELECT fld_id, db_id FROM folders_tbl WHERE(fpath='/muon/dcs/table')"
CondDB(devl):   Query succeded!
CondDB(devl): Issuing query:
"SELECT part_id FROM partition_tbl_11
  WHERE (3275164800000000000 BETWEEN since_t AND till_t)
"
CondDB(devl):   Query succeded!
CondDB(devl): Issuing query:
"SELECT * FROM data_tbl_onl_11_1 WHERE (((since_t<3275164800000000000 AND 3275164800000000000<till_t) OR (since_t<3313526400000000000 AND 3313526400000000000<till_t) OR (since_t>=3275164800000000000 AND 3313526400000000000>=since_t)))"
CondDB(devl):   Query succeded!
CondDB(devl): Issuing query:
"SHOW COLUMNS FROM data_tbl_onl_11_1"
CondDB(devl):   Query succeded!
Printing CondDBTable resulting from browseHistory(folder, table, since, till)
-------------------  Table BEGIN  -------------
Table [2]x[12]
{ Row  1 Begin }
Since: -Inf ----  Till: 2004-Apr-20 17:0:0.0 (GMT)
Column name: Temperature
Data in cell [1]x[1]: -3.40282e+38
Column name: Voltage
Data in cell [1]x[2]: -2147483647
Column name: Distance
Data in cell [1]x[3]: -1.79769e+308
Column name: Name
Data in cell [1]x[4]: NULL
Column name: LongDistance
Data in cell [1]x[5]: -9223372036854775807
Column name: Valid
Data in cell [1]x[6]: -1
Column name: Temperatures
Data in cell [1]x[7]: -3.40282e+38
Column name: Voltages
Data in cell [1]x[8]: -2147483647
Column name: Distances
Data in cell [1]x[9]: -1.79769e+308
Column name: Names
Data in cell [1]x[10]: NULL
Column name: LongDistances
Data in cell [1]x[11]: -9223372036854775807
Column name: Valids
Data in cell [1]x[12]: -1
{ Row  1 End }

{ Row  2 Begin }
Since: 2004-Apr-20 17:0:0.0 (GMT) ----  Till: +Inf
Column name: Temperature
Data in cell [2]x[1]: 1234.57
Column name: Voltage
Data in cell [2]x[2]: 1234567
Column name: Distance
Data in cell [2]x[3]: 1.23457e+07
Column name: Name
Data in cell [2]x[4]: Some String
Column name: LongDistance
Data in cell [2]x[5]: 12345678901234567
Column name: Valid
Data in cell [2]x[6]: 1
Column name: Temperatures
Data in cell [2]x[7]: 1234.57 ; 1234.57 ; 1234.57 ; 1234.57 ; 1234.57 ; 1234.57 ; 1234.57 ; 1234.57 ; 1234.57 ; 1234.57 ; 
Column name: Voltages
Data in cell [2]x[8]: 1234567 ; 1234567 ; 1234567 ; 1234567 ; 1234567 ; 1234567 ; 1234567 ; 1234567 ; 1234567 ; 1234567 ; 
Column name: Distances
Data in cell [2]x[9]: 1.23457e+07 ; 1.23457e+07 ; 1.23457e+07 ; 1.23457e+07 ; 1.23457e+07 ; 1.23457e+07 ; 1.23457e+07 ; 1.23457e+07 ; 1.23457e+07 ; 1.23457e+07 ; 
Column name: Names
Data in cell [2]x[10]: Some String ; Some String ; Some String ; Some String ; Some String ; Some String ; Some String ; Some String ; Some String ; Some String ; 
Column name: LongDistances
Data in cell [2]x[11]: 12345678901234567 ; 12345678901234567 ; 12345678901234567 ; 12345678901234567 ; 12345678901234567 ; 12345678901234567 ; 12345678901234567 ; 12345678901234567 ; 12345678901234567 ; 12345678901234567 ; 
Column name: Valids
Data in cell [2]x[12]: 1 ; 1 ; 1 ; 1 ; 1 ; 1 ; 1 ; 1 ; 1 ; 1 ; 
{ Row  2 End }

------------------ Table END  --------------------
CondDB(devl): Issuing query:
"SELECT ddtype FROM folders_tbl WHERE(fpath='/muon/dcs/tableId')"
CondDB(devl):   Query succeded!
CondDB(devl): Issuing query:
"SELECT fld_id, db_id FROM folders_tbl WHERE(fpath='/muon/dcs/tableId')"
CondDB(devl):   Query succeded!
CondDB(devl): Issuing query:
"SELECT part_id FROM partition_tbl_12
  WHERE (3276603122000000000 BETWEEN since_t AND till_t)
"
CondDB(devl):   Query succeded!
CondDB(devl): Issuing query:
"SHOW COLUMNS FROM data_tbl_onl_12_1"
CondDB(devl):   Query succeded!
CondDB(devl): Issuing query:
"SELECT * FROM data_tbl_onl_12_1 WHERE (3276603122000000000 >= since_t AND 3276603122000000000 < till_t AND Id='Sensor1')"
CondDB(devl):   Query succeded!
Printing CondDBTable resulting from findCondDBObject(tableId, folder, time)
Table empty
CondDB(devl): Issuing query:
"SELECT ddtype FROM folders_tbl WHERE(fpath='/muon/dcs/tableId')"
CondDB(devl):   Query succeded!
CondDB(devl): Issuing query:
"SELECT fld_id, db_id FROM folders_tbl WHERE(fpath='/muon/dcs/tableId')"
CondDB(devl):   Query succeded!
CondDB(devl): Issuing query:
"SELECT part_id FROM partition_tbl_12
  WHERE (3275164800000000000 BETWEEN since_t AND till_t)
"
CondDB(devl):   Query succeded!
CondDB(devl): Issuing query:
"SHOW COLUMNS FROM data_tbl_onl_12_1"
CondDB(devl):   Query succeded!
CondDB(devl): Issuing query:
"SELECT * FROM data_tbl_onl_12_1 WHERE (((since_t<3275164800000000000 AND 3275164800000000000<till_t) OR (since_t<3313526400000000000 AND 3313526400000000000<till_t) OR (since_t>=3275164800000000000 AND 3313526400000000000>=since_t)) AND Id='Sensor1')"
CondDB(devl):   Query succeded!
CondDB(devl): Issuing query:
"SHOW COLUMNS FROM data_tbl_onl_12_1"
CondDB(devl):   Query succeded!
Printing CondDBTable resulting from browseHistory(folder, tableId, since, till)
-------------------  Table BEGIN  -------------
Table [5]x[3]
{ Row  1 Begin }
Since: 2004-Apr-20 17:0:0.0 (GMT) ----  Till: +Inf
Column name: Id
Data in cell [1]x[1]: Sensor1
Column name: HighVoltage
Data in cell [1]x[2]: 1234.57
Column name: Current
Data in cell [1]x[3]: 1234567
{ Row  1 End }

{ Row  2 Begin }
Since: 2004-Apr-20 17:0:0.0 (GMT) ----  Till: +Inf
Column name: Id
Data in cell [2]x[1]: Sensor1
Column name: HighVoltage
Data in cell [2]x[2]: 1234.57
Column name: Current
Data in cell [2]x[3]: 1234567
{ Row  2 End }

{ Row  3 Begin }
Since: 2004-Apr-20 17:0:0.0 (GMT) ----  Till: +Inf
Column name: Id
Data in cell [3]x[1]: Sensor1
Column name: HighVoltage
Data in cell [3]x[2]: 1234.57
Column name: Current
Data in cell [3]x[3]: 1234567
{ Row  3 End }

{ Row  4 Begin }
Since: 2004-Apr-20 17:0:0.0 (GMT) ----  Till: +Inf
Column name: Id
Data in cell [4]x[1]: Sensor1
Column name: HighVoltage
Data in cell [4]x[2]: 1234.57
Column name: Current
Data in cell [4]x[3]: 1234567
{ Row  4 End }

{ Row  5 Begin }
Since: 2004-Apr-20 17:0:0.0 (GMT) ----  Till: +Inf
Column name: Id
Data in cell [5]x[1]: Sensor1
Column name: HighVoltage
Data in cell [5]x[2]: 1234.57
Column name: Current
Data in cell [5]x[3]: 1234567
{ Row  5 End }

------------------ Table END  --------------------
JobEndTime: Wed May 12 12:39:30 CEST 2004
